// Jest Snapshot v1, https://goo.gl/fbAQLP

exports[`renders correctly 1`] = `
<View
  style={
    Array [
      Object {
        "alignItems": "center",
        "flex": 1,
        "justifyContent": "center",
        "left": 0,
        "position": "absolute",
        "top": 0,
        "zIndex": 1000,
      },
      Object {
        "height": 0,
        "left": 0,
        "top": -10000,
        "width": 0,
      },
      Object {
        "height": 1334,
        "width": 750,
      },
      null,
    ]
  }
>
  <View
    collapsable={undefined}
    pointerEvents="none"
    style={
      Object {
        "backgroundColor": "#000",
        "flex": 1,
        "height": 1334,
        "left": 0,
        "opacity": 0,
        "position": "absolute",
        "top": 0,
        "width": 750,
      }
    }
  >
    <View
      accessibilityComponentType={undefined}
      accessibilityLabel={undefined}
      accessibilityTraits={undefined}
      accessible={true}
      collapsable={undefined}
      hasTVPreferredFocus={undefined}
      hitSlop={undefined}
      isTVSelectable={true}
      nativeID={undefined}
      onLayout={undefined}
      onResponderGrant={[Function]}
      onResponderMove={[Function]}
      onResponderRelease={[Function]}
      onResponderTerminate={[Function]}
      onResponderTerminationRequest={[Function]}
      onStartShouldSetResponder={[Function]}
      style={
        Object {
          "flex": 1,
          "height": 1334,
          "left": 0,
          "opacity": 1,
          "position": "absolute",
          "top": 0,
          "width": 750,
        }
      }
      testID={undefined}
      tvParallaxProperties={undefined}
    />
  </View>
  <View
    collapsable={undefined}
    style={
      Object {
        "backgroundColor": "#ffffff",
        "borderRadius": 8,
        "height": 396,
        "paddingBottom": 35,
        "paddingLeft": 31,
        "paddingRight": 31,
        "paddingTop": 29,
        "transform": Array [
          Object {
            "translateY": -800,
          },
        ],
        "width": 288,
      }
    }
  >
    <View
      style={
        Object {
          "alignItems": "center",
          "flex": 1,
          "flexDirection": "column",
          "justifyContent": "space-between",
        }
      }
    >
      <Image
        source={1}
      />
      <Text
        accessible={true}
        allowFontScaling={true}
        ellipsizeMode="tail"
        style={
          Object {
            "color": "#4E4E4E",
            "fontSize": 20,
            "fontWeight": "500",
            "lineHeight": 24,
            "textAlign": "center",
          }
        }
      >
        Tu seguridad es importante
      </Text>
      <Text
        accessible={true}
        allowFontScaling={true}
        ellipsizeMode="tail"
        style={
          Object {
            "color": "#4E4E4E",
            "fontSize": 14,
            "lineHeight": 18,
            "textAlign": "center",
          }
        }
      >
        En nuestra política de privacidad de datos y términos y condiciones te explicamos claramente como manejamos tu información y como te ayudamos a tener la mejor experiencia de juego, mirálo antes de proceder.
      </Text>
      <View
        style={
          Array [
            Object {
              "alignItems": "flex-start",
              "flexDirection": "row",
              "justifyContent": "space-between",
              "width": "100%",
            },
            Object {},
          ]
        }
      >
        <View
          style={
            Array [
              Object {
                "flex": 1,
              },
              Object {
                "marginRight": 5,
              },
            ]
          }
        >
          <View
            style={
              Array [
                Object {
                  "marginLeft": 15,
                  "marginRight": 15,
                },
                undefined,
                Array [
                  Object {
                    "marginBottom": 0,
                    "marginLeft": 0,
                    "marginRight": 0,
                    "marginTop": 0,
                    "width": "100%",
                  },
                  Object {},
                ],
                Object {
                  "borderRadius": 4,
                },
              ]
            }
          >
            <View
              accessibilityComponentType={undefined}
              accessibilityLabel={undefined}
              accessibilityTraits={undefined}
              accessible={true}
              hasTVPreferredFocus={undefined}
              hitSlop={undefined}
              isTVSelectable={true}
              nativeID={undefined}
              onLayout={undefined}
              onResponderGrant={[Function]}
              onResponderMove={[Function]}
              onResponderRelease={[Function]}
              onResponderTerminate={[Function]}
              onResponderTerminationRequest={[Function]}
              onStartShouldSetResponder={[Function]}
              style={null}
              testID={undefined}
              tvParallaxProperties={undefined}
            >
              <View
                pointerEvents="box-only"
                style={
                  Array [
                    Object {
                      "alignItems": "center",
                      "backgroundColor": "#9E9E9E",
                      "flexDirection": "row",
                      "justifyContent": "center",
                      "padding": 19,
                    },
                    undefined,
                    undefined,
                    undefined,
                    undefined,
                    undefined,
                    Object {
                      "backgroundColor": "transparent",
                    },
                    Object {
                      "borderRadius": 4,
                    },
                    Object {
                      "padding": 12,
                    },
                    undefined,
                    undefined,
                    undefined,
                    Array [
                      Object {
                        "height": 40,
                      },
                      Object {
                        "borderColor": "#EF5865",
                        "borderWidth": 2,
                      },
                    ],
                    undefined,
                    undefined,
                  ]
                }
              >
                <Text
                  accessible={true}
                  allowFontScaling={true}
                  ellipsizeMode="tail"
                  style={
                    Array [
                      Object {},
                      undefined,
                      undefined,
                      undefined,
                      undefined,
                      undefined,
                      undefined,
                      undefined,
                      undefined,
                      undefined,
                      Array [
                        Object {
                          "color": "white",
                          "fontSize": 20,
                        },
                        Object {
                          "color": "#EF5865",
                        },
                        Object {
                          "fontSize": 17.5,
                        },
                        Object {
                          "fontSize": 18,
                        },
                        undefined,
                        undefined,
                        undefined,
                        undefined,
                      ],
                    ]
                  }
                >
                  Revisar
                </Text>
              </View>
            </View>
          </View>
        </View>
        <View
          style={
            Object {
              "flex": 1,
            }
          }
        >
          <View
            style={
              Array [
                Object {
                  "marginLeft": 15,
                  "marginRight": 15,
                },
                undefined,
                Array [
                  Object {
                    "marginBottom": 0,
                    "marginLeft": 0,
                    "marginRight": 0,
                    "marginTop": 0,
                    "width": "100%",
                  },
                  Object {},
                ],
                Object {
                  "borderRadius": 4,
                },
              ]
            }
          >
            <View
              accessibilityComponentType={undefined}
              accessibilityLabel={undefined}
              accessibilityTraits={undefined}
              accessible={true}
              hasTVPreferredFocus={undefined}
              hitSlop={undefined}
              isTVSelectable={true}
              nativeID={undefined}
              onLayout={undefined}
              onResponderGrant={[Function]}
              onResponderMove={[Function]}
              onResponderRelease={[Function]}
              onResponderTerminate={[Function]}
              onResponderTerminationRequest={[Function]}
              onStartShouldSetResponder={[Function]}
              style={null}
              testID={undefined}
              tvParallaxProperties={undefined}
            >
              <View
                pointerEvents="box-only"
                style={
                  Array [
                    Object {
                      "alignItems": "center",
                      "backgroundColor": "#9E9E9E",
                      "flexDirection": "row",
                      "justifyContent": "center",
                      "padding": 19,
                    },
                    undefined,
                    undefined,
                    undefined,
                    undefined,
                    undefined,
                    Object {
                      "backgroundColor": "#EF5865",
                    },
                    Object {
                      "borderRadius": 4,
                    },
                    Object {
                      "padding": 12,
                    },
                    undefined,
                    undefined,
                    undefined,
                    Array [
                      Object {
                        "height": 40,
                      },
                      Object {},
                    ],
                    undefined,
                    undefined,
                  ]
                }
              >
                <Text
                  accessible={true}
                  allowFontScaling={true}
                  ellipsizeMode="tail"
                  style={
                    Array [
                      Object {},
                      undefined,
                      undefined,
                      undefined,
                      undefined,
                      undefined,
                      undefined,
                      undefined,
                      undefined,
                      undefined,
                      Array [
                        Object {
                          "color": "white",
                          "fontSize": 20,
                        },
                        undefined,
                        Object {
                          "fontSize": 17.5,
                        },
                        Object {
                          "fontSize": 18,
                        },
                        undefined,
                        undefined,
                        undefined,
                        undefined,
                      ],
                    ]
                  }
                >
                  Acepto
                </Text>
              </View>
            </View>
          </View>
        </View>
      </View>
    </View>
  </View>
</View>
`;
